ok  	github.com/SYNEHQ/kelvo-go/internal/sources/bigquery	(cached)
ok  	github.com/SYNEHQ/kelvo-go/internal/sources/clickhouse	(cached)
ok  	github.com/SYNEHQ/kelvo-go/internal/sources/cloudapi	(cached)
ok  	github.com/SYNEHQ/kelvo-go/internal/sources/d1	(cached)
ok  	github.com/SYNEHQ/kelvo-go/internal/sources/databricks	(cached)
ok  	github.com/SYNEHQ/kelvo-go/internal/sources/dbapi	1.202s
ok  	github.com/SYNEHQ/kelvo-go/internal/sources/elasticsearch	(cached)
ok  	github.com/SYNEHQ/kelvo-go/internal/sources/flightsql	(cached)
ok  	github.com/SYNEHQ/kelvo-go/internal/sources/mongodb	(cached)
ok  	github.com/SYNEHQ/kelvo-go/internal/sources/mysql	(cached)
ok  	github.com/SYNEHQ/kelvo-go/internal/sources/native	1.027s
ok  	github.com/SYNEHQ/kelvo-go/internal/sources/oracle	(cached)
ok  	github.com/SYNEHQ/kelvo-go/internal/sources/postgres	(cached)
ok  	github.com/SYNEHQ/kelvo-go/internal/sources/rowarrow	(cached)
ok  	github.com/SYNEHQ/kelvo-go/internal/sources/snowflake	(cached)
ok  	github.com/SYNEHQ/kelvo-go/internal/sources/sqlguard	(cached)
ok  	github.com/SYNEHQ/kelvo-go/internal/sources/sqlnative	(cached)
ok  	github.com/SYNEHQ/kelvo-go/internal/sources/sqlserver	(cached)
ok  	github.com/SYNEHQ/kelvo-go/internal/sources/trino	(cached)
ok  	github.com/SYNEHQ/kelvo-go/internal/cluster	(cached)
ok  	github.com/SYNEHQ/kelvo-go/internal/worker	(cached)
ok  	github.com/SYNEHQ/kelvo-go/internal/transport/httpapi	(cached)
