ok  	github.com/SYNEHQ/kelvo-go/internal/sources/athena	1.311s
ok  	github.com/SYNEHQ/kelvo-go/internal/sources/awsapi	1.162s
ok  	github.com/SYNEHQ/kelvo-go/internal/sources/bigquery	1.249s
ok  	github.com/SYNEHQ/kelvo-go/internal/sources/clickhouse	1.032s
ok  	github.com/SYNEHQ/kelvo-go/internal/sources/cloudapi	1.073s
ok  	github.com/SYNEHQ/kelvo-go/internal/sources/cosmosdb	1.380s
ok  	github.com/SYNEHQ/kelvo-go/internal/sources/d1	1.180s
ok  	github.com/SYNEHQ/kelvo-go/internal/sources/databricks	1.198s
ok  	github.com/SYNEHQ/kelvo-go/internal/sources/dbapi	1.179s
ok  	github.com/SYNEHQ/kelvo-go/internal/sources/dynamodb	1.151s
ok  	github.com/SYNEHQ/kelvo-go/internal/sources/elasticsearch	1.113s
ok  	github.com/SYNEHQ/kelvo-go/internal/sources/exasol	5.670s
ok  	github.com/SYNEHQ/kelvo-go/internal/sources/flightsql	1.180s
ok  	github.com/SYNEHQ/kelvo-go/internal/sources/ignite	1.470s
ok  	github.com/SYNEHQ/kelvo-go/internal/sources/mongodb	1.026s
ok  	github.com/SYNEHQ/kelvo-go/internal/sources/mysql	1.011s
ok  	github.com/SYNEHQ/kelvo-go/internal/sources/native	1.035s
ok  	github.com/SYNEHQ/kelvo-go/internal/sources/oracle	1.010s
ok  	github.com/SYNEHQ/kelvo-go/internal/sources/postgres	1.094s
ok  	github.com/SYNEHQ/kelvo-go/internal/sources/rowarrow	1.069s
ok  	github.com/SYNEHQ/kelvo-go/internal/sources/snowflake	1.216s
ok  	github.com/SYNEHQ/kelvo-go/internal/sources/spanner	3.382s
ok  	github.com/SYNEHQ/kelvo-go/internal/sources/sqlguard	1.010s
ok  	github.com/SYNEHQ/kelvo-go/internal/sources/sqlnative	1.019s
ok  	github.com/SYNEHQ/kelvo-go/internal/sources/sqlserver	1.013s
ok  	github.com/SYNEHQ/kelvo-go/internal/sources/trino	1.648s
ok  	github.com/SYNEHQ/kelvo-go/internal/worker	10.354s
ok  	github.com/SYNEHQ/kelvo-go/internal/cluster	1.413s
ok  	github.com/SYNEHQ/kelvo-go/internal/transport/httpapi	1.064s
